// Jest Snapshot v1, https://goo.gl/fbAQLP

exports[`renders learn react link 1`] = `
<div
  className="MuiFormControl-root MuiTextField-root"
  format="hh:mm a"
  onClick={[Function]}
  onKeyDown={[Function]}
>
  <div
    className="MuiInputBase-root MuiInput-root MuiInput-underline MuiInputBase-formControl MuiInput-formControl"
    onClick={[Function]}
  >
    <input
      aria-invalid={false}
      autoFocus={false}
      className="MuiInputBase-input MuiInput-input"
      disabled={false}
      onAnimationStart={[Function]}
      onBlur={[Function]}
      onChange={[Function]}
      onFocus={[Function]}
      readOnly={true}
      required={false}
      type="text"
      value="07:00 PM"
    />
  </div>
  
</div>
`;
